#
# There is insufficient memory for the Java Runtime Environment to continue.
# Native memory allocation (malloc) failed to allocate 65552 bytes. Error detail: Chunk::new
# Possible reasons:
#   The system is out of physical RAM or swap space
#   This process is running with CompressedOops enabled, and the Java Heap may be blocking the growth of the native heap
# Possible solutions:
#   Reduce memory load on the system
#   Increase physical memory or swap space
#   Check if swap backing store is full
#   Decrease Java heap size (-Xmx/-Xms)
#   Decrease number of Java threads
#   Decrease Java thread stack sizes (-Xss)
#   Set larger code cache with -XX:ReservedCodeCacheSize=
#   JVM is running with Unscaled Compressed Oops mode in which the Java heap is
#     placed in the first 4GB address space. The Java Heap base address is the
#     maximum limit for the native heap growth. Please use -XX:HeapBaseMinAddress
#     to set the Java Heap base and to place the Java Heap above 4GB virtual address.
# This output file may be truncated or incomplete.
#
#  Out of Memory Error (arena.cpp:168), pid=14112, tid=20236
#
# JRE version: OpenJDK Runtime Environment Temurin-21.0.10+7 (21.0.10+7) (build 21.0.10+7-LTS)
# Java VM: OpenJDK 64-Bit Server VM Temurin-21.0.10+7 (21.0.10+7-LTS, mixed mode, sharing, tiered, compressed oops, compressed class ptrs, parallel gc, windows-amd64)
# No core dump will be written. Minidumps are not enabled by default on client versions of Windows
#

---------------  S U M M A R Y ------------

Command Line: --add-modules=ALL-SYSTEM --add-opens=java.base/java.util=ALL-UNNAMED --add-opens=java.base/java.lang=ALL-UNNAMED --add-opens=java.base/sun.nio.fs=ALL-UNNAMED -Declipse.application=org.eclipse.jdt.ls.core.id1 -Dosgi.bundles.defaultStartLevel=4 -Declipse.product=org.eclipse.jdt.ls.core.product -Djava.import.generatesMetadataFilesAtProjectRoot=false -DDetectVMInstallationsJob.disabled=true -Dfile.encoding=utf8 -XX:+UseParallelGC -XX:GCTimeRatio=4 -XX:AdaptiveSizePolicyWeight=90 -Dsun.zip.disableMemoryMapping=true -Xmx2G -Xms100m -Xlog:disable -javaagent:c:\Users\hungn\.vscode\extensions\redhat.java-1.53.0-win32-x64\lombok\lombok-1.18.39-4050.jar c:\Users\hungn\.vscode\extensions\redhat.java-1.53.0-win32-x64\server\plugins\org.eclipse.equinox.launcher_1.7.100.v20251111-0406.jar -configuration c:\Users\hungn\AppData\Roaming\Code\User\globalStorage\redhat.java\1.53.0\config_ss_win -data c:\Users\hungn\AppData\Roaming\Code\User\workspaceStorage\e581489431414560a9f78ac041fa12d3\redhat.java\ss_ws --pipe=\\.\pipe\lsp-89ef1532eda9005c324bf2ed2d358d9f-sock

Host: Intel(R) Core(TM) i5-10300H CPU @ 2.50GHz, 8 cores, 7G,  Windows 11 , 64 bit Build 26100 (10.0.26100.7920)
Time: Wed Apr  1 23:26:13 2026 SE Asia Standard Time elapsed time: 0.474553 seconds (0d 0h 0m 0s)

---------------  T H R E A D  ---------------

Current thread (0x00000252f5bc1c30):  JavaThread "C2 CompilerThread0" daemon [_thread_in_native, id=20236, stack(0x000000d022d00000,0x000000d022e00000) (1024K)]


Current CompileTask:
C2:474  667       4       lombok.patcher.scripts.MethodLevelPatchScript::patch (21 bytes)

Stack: [0x000000d022d00000,0x000000d022e00000]
Native frames: (J=compiled Java code, j=interpreted, Vv=VM code, C=native code)
V  [jvm.dll+0x6d7a39]
V  [jvm.dll+0x8b4b26]
V  [jvm.dll+0x8b70de]
V  [jvm.dll+0x8b77c3]
V  [jvm.dll+0x284346]
V  [jvm.dll+0xc66ed]
V  [jvm.dll+0xc6c31]
V  [jvm.dll+0x6feab5]
V  [jvm.dll+0x6fef15]
V  [jvm.dll+0x70114d]
V  [jvm.dll+0x6ff503]
V  [jvm.dll+0x255b53]
V  [jvm.dll+0x24e21f]
V  [jvm.dll+0x24ba42]
V  [jvm.dll+0x1cb34e]
V  [jvm.dll+0x25b85d]
V  [jvm.dll+0x259dea]
V  [jvm.dll+0x3f857e]
V  [jvm.dll+0x85f59d]
V  [jvm.dll+0x6d626d]
C  [ucrtbase.dll+0x37b0]
C  [KERNEL32.DLL+0x2e8d7]
C  [ntdll.dll+0x8c48c]


---------------  P R O C E S S  ---------------

Threads class SMR info:
_java_thread_list=0x00000252ff17bc20, length=12, elements={
0x00000252f3919410, 0x00000252f5ce99f0, 0x00000252f5cecff0, 0x00000252f5ba6220,
0x00000252f5ba8c90, 0x00000252f5baad80, 0x00000252f5baee80, 0x00000252f5bc1c30,
0x00000252f5bce2b0, 0x00000252ff080f00, 0x00000252ff0f6750, 0x00000252ff17aa00
}

Java Threads: ( => current thread )
  0x00000252f3919410 JavaThread "main"                              [_thread_in_vm, id=3728, stack(0x000000d022300000,0x000000d022400000) (1024K)]
  0x00000252f5ce99f0 JavaThread "Reference Handler"          daemon [_thread_blocked, id=25620, stack(0x000000d022700000,0x000000d022800000) (1024K)]
  0x00000252f5cecff0 JavaThread "Finalizer"                  daemon [_thread_blocked, id=25376, stack(0x000000d022800000,0x000000d022900000) (1024K)]
  0x00000252f5ba6220 JavaThread "Signal Dispatcher"          daemon [_thread_blocked, id=1244, stack(0x000000d022900000,0x000000d022a00000) (1024K)]
  0x00000252f5ba8c90 JavaThread "Attach Listener"            daemon [_thread_blocked, id=14672, stack(0x000000d022a00000,0x000000d022b00000) (1024K)]
  0x00000252f5baad80 JavaThread "Service Thread"             daemon [_thread_blocked, id=26240, stack(0x000000d022b00000,0x000000d022c00000) (1024K)]
  0x00000252f5baee80 JavaThread "Monitor Deflation Thread"   daemon [_thread_blocked, id=2212, stack(0x000000d022c00000,0x000000d022d00000) (1024K)]
=>0x00000252f5bc1c30 JavaThread "C2 CompilerThread0"         daemon [_thread_in_native, id=20236, stack(0x000000d022d00000,0x000000d022e00000) (1024K)]
  0x00000252f5bce2b0 JavaThread "C1 CompilerThread0"         daemon [_thread_blocked, id=21964, stack(0x000000d022e00000,0x000000d022f00000) (1024K)]
  0x00000252ff080f00 JavaThread "Common-Cleaner"             daemon [_thread_blocked, id=2168, stack(0x000000d022f00000,0x000000d023000000) (1024K)]
  0x00000252ff0f6750 JavaThread "C2 CompilerThread1"         daemon [_thread_in_native, id=20568, stack(0x000000d023000000,0x000000d023100000) (1024K)]
  0x00000252ff17aa00 JavaThread "Notification Thread"        daemon [_thread_blocked, id=20352, stack(0x000000d023100000,0x000000d023200000) (1024K)]
Total: 12

Other Threads:
  0x00000252f5ba25e0 VMThread "VM Thread"                           [id=12956, stack(0x000000d022600000,0x000000d022700000) (1024K)]
  0x00000252f5c98290 WatcherThread "VM Periodic Task Thread"        [id=5792, stack(0x000000d022500000,0x000000d022600000) (1024K)]
  0x00000252f5c4afc0 WorkerThread "GC Thread#0"                     [id=24668, stack(0x000000d022400000,0x000000d022500000) (1024K)]
Total: 3

Threads with active compile tasks:
C2 CompilerThread0  501  667       4       lombok.patcher.scripts.MethodLevelPatchScript::patch (21 bytes)
C2 CompilerThread1  501  642       4       lombok.patcher.PatchScript::classMatches (41 bytes)
Total: 2

VM state: not at safepoint (normal execution)

VM Mutex/Monitor currently owned by a thread:  ([mutex/lock_event])
[0x00007ffd003ec4e0] Metaspace_lock - owner thread: 0x00000252f3919410

Heap address: 0x0000000080000000, size: 2048 MB, Compressed Oops mode: 32-bit

CDS archive(s) mapped at: [0x000002528f000000-0x000002528fba0000-0x000002528fba0000), size 12189696, SharedBaseAddress: 0x000002528f000000, ArchiveRelocationMode: 1.
Compressed class space mapped at: 0x0000025290000000-0x00000252d0000000, reserved size: 1073741824
Narrow klass base: 0x000002528f000000, Narrow klass shift: 0, Narrow klass range: 0x100000000

GC Precious Log:
 CardTable entry size: 512
 CPUs: 8 total, 8 available
 Memory: 8029M
 Large Page Support: Disabled
 NUMA Support: Disabled
 Compressed Oops: Enabled (32-bit)
 Alignments: Space 512K, Generation 512K, Heap 2M
 Heap Min Capacity: 100M
 Heap Initial Capacity: 100M
 Heap Max Capacity: 2G
 Pre-touch: Disabled
 Parallel Workers: 8

Heap:
 PSYoungGen      total 29696K, used 14540K [0x00000000d5580000, 0x00000000d7680000, 0x0000000100000000)
  eden space 25600K, 56% used [0x00000000d5580000,0x00000000d63b3228,0x00000000d6e80000)
  from space 4096K, 0% used [0x00000000d7280000,0x00000000d7280000,0x00000000d7680000)
  to   space 4096K, 0% used [0x00000000d6e80000,0x00000000d6e80000,0x00000000d7280000)
 ParOldGen       total 68608K, used 0K [0x0000000080000000, 0x0000000084300000, 0x00000000d5580000)
  object space 68608K, 0% used [0x0000000080000000,0x0000000080000000,0x0000000084300000)
 Metaspace       used 2776K, committed 2944K, reserved 1114112K
  class space    used 289K, committed 384K, reserved 1048576K

Card table byte_map: [0x00000252f55d0000,0x00000252f59e0000] _byte_map_base: 0x00000252f51d0000

Marking Bits: (ParMarkBitMap*) 0x00007ffd003f3450
 Begin Bits: [0x00000252f90e0000, 0x00000252fb0e0000)
 End Bits:   [0x00000252fb0e0000, 0x00000252fd0e0000)

Polling page: 0x00000252f3a50000

Metaspace:

Usage:
  Non-class:      2.43 MB used.
      Class:    289.73 KB used.
       Both:      2.71 MB used.

Virtual space:
  Non-class space:       64.00 MB reserved,       2.50 MB (  4%) committed,  1 nodes.
      Class space:        1.00 GB reserved,     384.00 KB ( <1%) committed,  1 nodes.
             Both:        1.06 GB reserved,       2.88 MB ( <1%) committed. 

Chunk freelists:
   Non-Class:  11.65 MB
       Class:  15.67 MB
        Both:  27.32 MB

MaxMetaspaceSize: unlimited
CompressedClassSpaceSize: 1.00 GB
Initial GC threshold: 21.00 MB
Current GC threshold: 21.00 MB
CDS: on
 - commit_granule_bytes: 65536.
 - commit_granule_words: 8192.
 - virtual_space_node_default_size: 8388608.
 - enlarge_chunks_in_place: 1.
 - use_allocation_guard: 0.


Internal statistics:

num_allocs_failed_limit: 0.
num_arena_births: 80.
num_arena_deaths: 0.
num_vsnodes_births: 2.
num_vsnodes_deaths: 0.
num_space_committed: 46.
num_space_uncommitted: 0.
num_chunks_returned_to_freelist: 0.
num_chunks_taken_from_freelist: 102.
num_chunk_merges: 0.
num_chunk_splits: 72.
num_chunks_enlarged: 46.
num_inconsistent_stats: 0.

CodeHeap 'non-profiled nmethods': size=120000Kb used=250Kb max_used=250Kb free=119749Kb
 bounds [0x0000025287ad0000, 0x0000025287d40000, 0x000002528f000000]
CodeHeap 'profiled nmethods': size=120000Kb used=1011Kb max_used=1011Kb free=118988Kb
 bounds [0x0000025280000000, 0x0000025280270000, 0x0000025287530000]
CodeHeap 'non-nmethods': size=5760Kb used=1183Kb max_used=1192Kb free=4576Kb
 bounds [0x0000025287530000, 0x00000252877a0000, 0x0000025287ad0000]
CodeCache: size=245760Kb, used=2444Kb, max_used=2453Kb, free=243313Kb
 total_blobs=1122, nmethods=682, adapters=347, full_count=0
Compilation: enabled, stopped_count=0, restarted_count=0

Compilation events (20 events):
Event: 0.456 Thread 0x00000252f5bc1c30 nmethod 645 0x0000025287b0d390 code [0x0000025287b0d520, 0x0000025287b0d5b8]
Event: 0.456 Thread 0x00000252f5bc1c30  646       4       java.lang.Character::digit (6 bytes)
Event: 0.457 Thread 0x00000252f5bc1c30 nmethod 646 0x0000025287b0d690 code [0x0000025287b0d820, 0x0000025287b0d960]
Event: 0.457 Thread 0x00000252f5bc1c30  647       4       java.lang.CharacterDataLatin1::digit (32 bytes)
Event: 0.457 Thread 0x00000252f5bc1c30 nmethod 647 0x0000025287b0db10 code [0x0000025287b0dca0, 0x0000025287b0ddc8]
Event: 0.459 Thread 0x00000252f5bc1c30  667       4       lombok.patcher.scripts.MethodLevelPatchScript::patch (21 bytes)
Event: 0.460 Thread 0x00000252f5bce2b0  668       3       sun.security.util.DerInputStream::available (10 bytes)
Event: 0.460 Thread 0x00000252f5bce2b0 nmethod 668 0x00000252800f6110 code [0x00000252800f62a0, 0x00000252800f63b0]
Event: 0.462 Thread 0x00000252f5bce2b0  669       3       java.util.jar.Manifest$FastInputStream::readLine (296 bytes)
Event: 0.462 Thread 0x00000252f5bce2b0 nmethod 669 0x00000252800f6410 code [0x00000252800f6640, 0x00000252800f6ea8]
Event: 0.463 Thread 0x00000252f5bce2b0  671       3       java.io.ByteArrayOutputStream::ensureCapacity (32 bytes)
Event: 0.463 Thread 0x00000252f5bce2b0 nmethod 671 0x00000252800f7210 code [0x00000252800f73e0, 0x00000252800f7738]
Event: 0.463 Thread 0x00000252f5bce2b0  670       3       java.util.Objects::checkFromIndexSize (8 bytes)
Event: 0.463 Thread 0x00000252f5bce2b0 nmethod 670 0x00000252800f7890 code [0x00000252800f7a40, 0x00000252800f7c48]
Event: 0.463 Thread 0x00000252f5bce2b0  673       3       java.lang.StringLatin1::indexOf (25 bytes)
Event: 0.464 Thread 0x00000252f5bce2b0 nmethod 673 0x00000252800f7d90 code [0x00000252800f7f60, 0x00000252800f8150]
Event: 0.471 Thread 0x00000252f5bce2b0  676       3       java.lang.Integer::rotateRight (9 bytes)
Event: 0.471 Thread 0x00000252f5bce2b0 nmethod 676 0x00000252800f8210 code [0x00000252800f83a0, 0x00000252800f84a0]
Event: 0.471 Thread 0x00000252f5bce2b0  677       3       sun.invoke.util.Wrapper::forPrimitiveType (122 bytes)
Event: 0.472 Thread 0x00000252f5bce2b0 nmethod 677 0x00000252800f8510 code [0x00000252800f87e0, 0x00000252800f92c0]

GC Heap History (0 events):
No events

Dll operation events (8 events):
Event: 0.018 Loaded shared library c:\Users\hungn\.vscode\extensions\redhat.java-1.53.0-win32-x64\jre\21.0.10-win32-x86_64\bin\java.dll
Event: 0.097 Loaded shared library c:\Users\hungn\.vscode\extensions\redhat.java-1.53.0-win32-x64\jre\21.0.10-win32-x86_64\bin\zip.dll
Event: 0.119 Loaded shared library C:\Users\hungn\.vscode\extensions\redhat.java-1.53.0-win32-x64\jre\21.0.10-win32-x86_64\bin\instrument.dll
Event: 0.125 Loaded shared library C:\Users\hungn\.vscode\extensions\redhat.java-1.53.0-win32-x64\jre\21.0.10-win32-x86_64\bin\net.dll
Event: 0.130 Loaded shared library C:\Users\hungn\.vscode\extensions\redhat.java-1.53.0-win32-x64\jre\21.0.10-win32-x86_64\bin\nio.dll
Event: 0.133 Loaded shared library C:\Users\hungn\.vscode\extensions\redhat.java-1.53.0-win32-x64\jre\21.0.10-win32-x86_64\bin\zip.dll
Event: 0.150 Loaded shared library C:\Users\hungn\.vscode\extensions\redhat.java-1.53.0-win32-x64\jre\21.0.10-win32-x86_64\bin\jimage.dll
Event: 0.221 Loaded shared library c:\Users\hungn\.vscode\extensions\redhat.java-1.53.0-win32-x64\jre\21.0.10-win32-x86_64\bin\verify.dll

Deoptimization events (20 events):
Event: 0.412 Thread 0x00000252f3919410 Uncommon trap: trap_request=0xffffffde fr.pc=0x0000025287b0595c relative=0x000000000000013c
Event: 0.412 Thread 0x00000252f3919410 Uncommon trap: reason=class_check action=maybe_recompile pc=0x0000025287b0595c method=jdk.internal.misc.Unsafe.allocateUninitializedArray(Ljava/lang/Class;I)Ljava/lang/Object; @ 51 c2
Event: 0.412 Thread 0x00000252f3919410 DEOPT PACKING pc=0x0000025287b0595c sp=0x000000d0223fc740
Event: 0.412 Thread 0x00000252f3919410 DEOPT UNPACKING pc=0x0000025287583aa2 sp=0x000000d0223fc6b8 mode 2
Event: 0.412 Thread 0x00000252f3919410 Uncommon trap: trap_request=0xffffffde fr.pc=0x0000025287b0595c relative=0x000000000000013c
Event: 0.412 Thread 0x00000252f3919410 Uncommon trap: reason=class_check action=maybe_recompile pc=0x0000025287b0595c method=jdk.internal.misc.Unsafe.allocateUninitializedArray(Ljava/lang/Class;I)Ljava/lang/Object; @ 51 c2
Event: 0.412 Thread 0x00000252f3919410 DEOPT PACKING pc=0x0000025287b0595c sp=0x000000d0223fc740
Event: 0.412 Thread 0x00000252f3919410 DEOPT UNPACKING pc=0x0000025287583aa2 sp=0x000000d0223fc6b8 mode 2
Event: 0.412 Thread 0x00000252f3919410 Uncommon trap: trap_request=0xffffffde fr.pc=0x0000025287b0595c relative=0x000000000000013c
Event: 0.412 Thread 0x00000252f3919410 Uncommon trap: reason=class_check action=maybe_recompile pc=0x0000025287b0595c method=jdk.internal.misc.Unsafe.allocateUninitializedArray(Ljava/lang/Class;I)Ljava/lang/Object; @ 51 c2
Event: 0.412 Thread 0x00000252f3919410 DEOPT PACKING pc=0x0000025287b0595c sp=0x000000d0223fc780
Event: 0.412 Thread 0x00000252f3919410 DEOPT UNPACKING pc=0x0000025287583aa2 sp=0x000000d0223fc6f8 mode 2
Event: 0.422 Thread 0x00000252f3919410 Uncommon trap: trap_request=0xffffff45 fr.pc=0x0000025287b00004 relative=0x0000000000000164
Event: 0.422 Thread 0x00000252f3919410 Uncommon trap: reason=unstable_if action=reinterpret pc=0x0000025287b00004 method=jdk.internal.util.ArraysSupport.vectorizedHashCode(Ljava/lang/Object;IIII)I @ 2 c2
Event: 0.422 Thread 0x00000252f3919410 DEOPT PACKING pc=0x0000025287b00004 sp=0x000000d0223fd1f0
Event: 0.422 Thread 0x00000252f3919410 DEOPT UNPACKING pc=0x0000025287583aa2 sp=0x000000d0223fd1a0 mode 2
Event: 0.430 Thread 0x00000252f3919410 Uncommon trap: trap_request=0xffffff45 fr.pc=0x0000025287af2784 relative=0x00000000000000e4
Event: 0.430 Thread 0x00000252f3919410 Uncommon trap: reason=unstable_if action=reinterpret pc=0x0000025287af2784 method=java.net.URI.match(CJJ)Z @ 45 c2
Event: 0.430 Thread 0x00000252f3919410 DEOPT PACKING pc=0x0000025287af2784 sp=0x000000d0223fd370
Event: 0.430 Thread 0x00000252f3919410 DEOPT UNPACKING pc=0x0000025287583aa2 sp=0x000000d0223fd2d8 mode 2

Classes loaded (20 events):
Event: 0.467 Loading class sun/security/provider/DigestBase done
Event: 0.467 Loading class sun/security/provider/SHA2 done
Event: 0.468 Loading class sun/security/provider/SHA2$SHA256 done
Event: 0.468 Loading class java/security/MessageDigest$Delegate
Event: 0.468 Loading class sun/security/util/MessageDigestSpi2
Event: 0.468 Loading class sun/security/util/MessageDigestSpi2 done
Event: 0.468 Loading class java/security/MessageDigest$Delegate done
Event: 0.468 Loading class java/security/MessageDigest$Delegate$CloneableDelegate
Event: 0.468 Loading class java/security/MessageDigest$Delegate$CloneableDelegate done
Event: 0.468 Loading class sun/security/provider/ByteArrayAccess
Event: 0.470 Loading class sun/security/provider/ByteArrayAccess done
Event: 0.470 Loading class sun/security/provider/ByteArrayAccess$BE
Event: 0.470 Loading class sun/security/provider/ByteArrayAccess$BE done
Event: 0.471 Loading class sun/security/util/SignatureUtil
Event: 0.471 Loading class sun/security/util/SignatureUtil done
Event: 0.471 Loading class java/security/Signature
Event: 0.472 Loading class java/security/SignatureSpi
Event: 0.472 Loading class java/security/SignatureSpi done
Event: 0.472 Loading class java/security/Signature done
Event: 0.472 Loading class java/security/Signature$1

Classes unloaded (0 events):
No events

Classes redefined (0 events):
No events

Internal exceptions (12 events):
Event: 0.094 Thread 0x00000252f3919410 Exception <a 'java/lang/NoSuchMethodError'{0x00000000d57a92e0}: 'void java.lang.invoke.DirectMethodHandle$Holder.invokeStatic(java.lang.Object, java.lang.Object, java.lang.Object)'> (0x00000000d57a92e0) 
thrown [s\src\hotspot\share\interpreter\linkResolver.cpp, line 773]
Event: 0.142 Thread 0x00000252f3919410 Exception <a 'java/lang/NoSuchMethodError'{0x00000000d5911e28}: 'java.lang.Object java.lang.invoke.Invokers$Holder.invokeExact_MT(java.lang.Object, java.lang.Object, java.lang.Object, java.lang.Object, java.lang.Object)'> (0x00000000d5911e28) 
thrown [s\src\hotspot\share\interpreter\linkResolver.cpp, line 773]
Event: 0.179 Thread 0x00000252f3919410 Exception <a 'java/lang/NoSuchMethodError'{0x00000000d59ca210}: 'int java.lang.invoke.DirectMethodHandle$Holder.invokeSpecial(java.lang.Object, java.lang.Object, java.lang.Object, int)'> (0x00000000d59ca210) 
thrown [s\src\hotspot\share\interpreter\linkResolver.cpp, line 773]
Event: 0.180 Thread 0x00000252f3919410 Exception <a 'java/lang/NoSuchMethodError'{0x00000000d59dcbf8}: 'java.lang.Object java.lang.invoke.DirectMethodHandle$Holder.invokeStatic(java.lang.Object, java.lang.Object, java.lang.Object, java.lang.Object, int)'> (0x00000000d59dcbf8) 
thrown [s\src\hotspot\share\interpreter\linkResolver.cpp, line 773]
Event: 0.182 Thread 0x00000252f3919410 Exception <a 'java/lang/NoSuchMethodError'{0x00000000d59e8038}: 'void java.lang.invoke.DelegatingMethodHandle$Holder.reinvoke_L(java.lang.Object, java.lang.Object, java.lang.Object, int, java.lang.Object)'> (0x00000000d59e8038) 
thrown [s\src\hotspot\share\interpreter\linkResolver.cpp, line 773]
Event: 0.184 Thread 0x00000252f3919410 Exception <a 'java/lang/NoSuchMethodError'{0x00000000d59f8988}: 'int java.lang.invoke.DirectMethodHandle$Holder.invokeSpecial(java.lang.Object, java.lang.Object, java.lang.Object)'> (0x00000000d59f8988) 
thrown [s\src\hotspot\share\interpreter\linkResolver.cpp, line 773]
Event: 0.186 Thread 0x00000252f3919410 Exception <a 'java/lang/NoSuchMethodError'{0x00000000d5a04648}: 'java.lang.Object java.lang.invoke.DirectMethodHandle$Holder.invokeStatic(java.lang.Object, java.lang.Object, int)'> (0x00000000d5a04648) 
thrown [s\src\hotspot\share\interpreter\linkResolver.cpp, line 773]
Event: 0.186 Thread 0x00000252f3919410 Exception <a 'java/lang/NoSuchMethodError'{0x00000000d5a08f98}: 'void java.lang.invoke.DirectMethodHandle$Holder.invokeStatic(java.lang.Object, java.lang.Object, int, java.lang.Object)'> (0x00000000d5a08f98) 
thrown [s\src\hotspot\share\interpreter\linkResolver.cpp, line 773]
Event: 0.186 Thread 0x00000252f3919410 Exception <a 'java/lang/NoSuchMethodError'{0x00000000d5a0cb28}: 'void java.lang.invoke.DirectMethodHandle$Holder.invokeSpecial(java.lang.Object, java.lang.Object, java.lang.Object, int, java.lang.Object)'> (0x00000000d5a0cb28) 
thrown [s\src\hotspot\share\interpreter\linkResolver.cpp, line 773]
Event: 0.187 Thread 0x00000252f3919410 Exception <a 'java/lang/NoSuchMethodError'{0x00000000d5a0ff98}: 'void java.lang.invoke.DelegatingMethodHandle$Holder.delegate(java.lang.Object, java.lang.Object, int, java.lang.Object)'> (0x00000000d5a0ff98) 
thrown [s\src\hotspot\share\interpreter\linkResolver.cpp, line 773]
Event: 0.253 Thread 0x00000252f3919410 Exception <a 'java/lang/NoSuchMethodError'{0x00000000d5bcf018}: 'void java.lang.invoke.DelegatingMethodHandle$Holder.reinvoke_L(java.lang.Object, java.lang.Object, java.lang.Object, int)'> (0x00000000d5bcf018) 
thrown [s\src\hotspot\share\interpreter\linkResolver.cpp, line 773]
Event: 0.413 Thread 0x00000252f3919410 Exception <a 'java/lang/NoSuchMethodError'{0x00000000d605a7c0}: 'void java.lang.invoke.DirectMethodHandle$Holder.invokeVirtual(java.lang.Object, java.lang.Object)'> (0x00000000d605a7c0) 
thrown [s\src\hotspot\share\interpreter\linkResolver.cpp, line 773]

ZGC Phase Switch (0 events):
No events

VM Operations (4 events):
Event: 0.096 Executing non-safepoint VM operation: HandshakeAllThreads (Deoptimize)
Event: 0.096 Executing non-safepoint VM operation: HandshakeAllThreads (Deoptimize) done
Event: 0.161 Executing non-safepoint VM operation: HandshakeAllThreads (Deoptimize)
Event: 0.161 Executing non-safepoint VM operation: HandshakeAllThreads (Deoptimize) done

Memory protections (0 events):
No events

Nmethod flushes (0 events):
No events

Events (12 events):
Event: 0.041 Thread 0x00000252f3919410 Thread added: 0x00000252f3919410
Event: 0.055 Thread 0x00000252f3919410 Thread added: 0x00000252f5ce99f0
Event: 0.055 Thread 0x00000252f3919410 Thread added: 0x00000252f5cecff0
Event: 0.056 Thread 0x00000252f3919410 Thread added: 0x00000252f5ba6220
Event: 0.056 Thread 0x00000252f3919410 Thread added: 0x00000252f5ba8c90
Event: 0.056 Thread 0x00000252f3919410 Thread added: 0x00000252f5baad80
Event: 0.056 Thread 0x00000252f3919410 Thread added: 0x00000252f5baee80
Event: 0.056 Thread 0x00000252f3919410 Thread added: 0x00000252f5bc1c30
Event: 0.056 Thread 0x00000252f3919410 Thread added: 0x00000252f5bce2b0
Event: 0.121 Thread 0x00000252f3919410 Thread added: 0x00000252ff080f00
Event: 0.215 Thread 0x00000252f5bc1c30 Thread added: 0x00000252ff0f6750
Event: 0.335 Thread 0x00000252f3919410 Thread added: 0x00000252ff17aa00


Dynamic libraries:
0x00007ff74b190000 - 0x00007ff74b19e000 	c:\Users\hungn\.vscode\extensions\redhat.java-1.53.0-win32-x64\jre\21.0.10-win32-x86_64\bin\java.exe
0x00007ffd8f460000 - 0x00007ffd8f6c7000 	C:\WINDOWS\SYSTEM32\ntdll.dll
0x00007ffd8d970000 - 0x00007ffd8da39000 	C:\WINDOWS\System32\KERNEL32.DLL
0x00007ffd8bfd0000 - 0x00007ffd8c3c1000 	C:\WINDOWS\System32\KERNELBASE.dll
0x00007ffd8bd40000 - 0x00007ffd8be8b000 	C:\WINDOWS\System32\ucrtbase.dll
0x00007ffd6e090000 - 0x00007ffd6e0a8000 	c:\Users\hungn\.vscode\extensions\redhat.java-1.53.0-win32-x64\jre\21.0.10-win32-x86_64\bin\jli.dll
0x00007ffd59920000 - 0x00007ffd5993e000 	c:\Users\hungn\.vscode\extensions\redhat.java-1.53.0-win32-x64\jre\21.0.10-win32-x86_64\bin\VCRUNTIME140.dll
0x00007ffd8dcb0000 - 0x00007ffd8de75000 	C:\WINDOWS\System32\USER32.dll
0x00007ffd8cff0000 - 0x00007ffd8d017000 	C:\WINDOWS\System32\win32u.dll
0x00007ffd76c80000 - 0x00007ffd76f13000 	C:\WINDOWS\WinSxS\amd64_microsoft.windows.common-controls_6595b64144ccf1df_6.0.26100.8037_none_3e092faae333b53b\COMCTL32.dll
0x00007ffd8edc0000 - 0x00007ffd8edeb000 	C:\WINDOWS\System32\GDI32.dll
0x00007ffd8ece0000 - 0x00007ffd8ed89000 	C:\WINDOWS\System32\msvcrt.dll
0x00007ffd8d020000 - 0x00007ffd8d14b000 	C:\WINDOWS\System32\gdi32full.dll
0x00007ffd8bf20000 - 0x00007ffd8bfc3000 	C:\WINDOWS\System32\msvcp_win.dll
0x00007ffd8eba0000 - 0x00007ffd8ebd1000 	C:\WINDOWS\System32\IMM32.DLL
0x00007ffd844f0000 - 0x00007ffd844fc000 	c:\Users\hungn\.vscode\extensions\redhat.java-1.53.0-win32-x64\jre\21.0.10-win32-x86_64\bin\vcruntime140_1.dll
0x00007ffd4bfb0000 - 0x00007ffd4c03d000 	c:\Users\hungn\.vscode\extensions\redhat.java-1.53.0-win32-x64\jre\21.0.10-win32-x86_64\bin\msvcp140.dll
0x00007ffcff730000 - 0x00007ffd004d1000 	c:\Users\hungn\.vscode\extensions\redhat.java-1.53.0-win32-x64\jre\21.0.10-win32-x86_64\bin\server\jvm.dll
0x00007ffd8ee70000 - 0x00007ffd8ef2b000 	C:\WINDOWS\System32\ADVAPI32.dll
0x00007ffd8dfe0000 - 0x00007ffd8e087000 	C:\WINDOWS\System32\sechost.dll
0x00007ffd8e990000 - 0x00007ffd8eaa8000 	C:\WINDOWS\System32\RPCRT4.dll
0x00007ffd8eff0000 - 0x00007ffd8f064000 	C:\WINDOWS\System32\WS2_32.dll
0x00007ffd8bba0000 - 0x00007ffd8bbfe000 	C:\WINDOWS\SYSTEM32\POWRPROF.dll
0x00007ffd7c380000 - 0x00007ffd7c3b5000 	C:\WINDOWS\SYSTEM32\WINMM.dll
0x00007ffd83350000 - 0x00007ffd8335b000 	C:\WINDOWS\SYSTEM32\VERSION.dll
0x00007ffd8bb80000 - 0x00007ffd8bb94000 	C:\WINDOWS\SYSTEM32\UMPDC.dll
0x00007ffd8aad0000 - 0x00007ffd8aaeb000 	C:\WINDOWS\SYSTEM32\kernel.appcore.dll
0x00007ffd6e080000 - 0x00007ffd6e08a000 	c:\Users\hungn\.vscode\extensions\redhat.java-1.53.0-win32-x64\jre\21.0.10-win32-x86_64\bin\jimage.dll
0x00007ffd89610000 - 0x00007ffd89852000 	C:\WINDOWS\SYSTEM32\DBGHELP.DLL
0x00007ffd8f070000 - 0x00007ffd8f3f2000 	C:\WINDOWS\System32\combase.dll
0x00007ffd8e840000 - 0x00007ffd8e917000 	C:\WINDOWS\System32\OLEAUT32.dll
0x00007ffd6e600000 - 0x00007ffd6e63b000 	C:\WINDOWS\SYSTEM32\dbgcore.DLL
0x00007ffd8d150000 - 0x00007ffd8d1f5000 	C:\WINDOWS\System32\bcryptPrimitives.dll
0x00007ffd59910000 - 0x00007ffd5991f000 	c:\Users\hungn\.vscode\extensions\redhat.java-1.53.0-win32-x64\jre\21.0.10-win32-x86_64\bin\instrument.dll
0x00007ffd598f0000 - 0x00007ffd59910000 	c:\Users\hungn\.vscode\extensions\redhat.java-1.53.0-win32-x64\jre\21.0.10-win32-x86_64\bin\java.dll
0x00007ffd8d200000 - 0x00007ffd8d95f000 	C:\WINDOWS\System32\SHELL32.dll
0x00007ffd8c490000 - 0x00007ffd8c5fa000 	C:\WINDOWS\System32\wintypes.dll
0x00007ffd8c600000 - 0x00007ffd8ce64000 	C:\WINDOWS\System32\windows.storage.dll
0x00007ffd8e110000 - 0x00007ffd8e207000 	C:\WINDOWS\System32\SHCORE.dll
0x00007ffd8eb20000 - 0x00007ffd8eb87000 	C:\WINDOWS\System32\shlwapi.dll
0x00007ffd8bc60000 - 0x00007ffd8bc89000 	C:\WINDOWS\SYSTEM32\profapi.dll
0x00007ffd513e0000 - 0x00007ffd513f8000 	c:\Users\hungn\.vscode\extensions\redhat.java-1.53.0-win32-x64\jre\21.0.10-win32-x86_64\bin\zip.dll
0x00007ffd598e0000 - 0x00007ffd598f0000 	C:\Users\hungn\.vscode\extensions\redhat.java-1.53.0-win32-x64\jre\21.0.10-win32-x86_64\bin\net.dll
0x00007ffd85440000 - 0x00007ffd85567000 	C:\WINDOWS\SYSTEM32\WINHTTP.dll
0x00007ffd8b040000 - 0x00007ffd8b0ab000 	C:\WINDOWS\system32\mswsock.dll
0x00007ffd598c0000 - 0x00007ffd598d6000 	C:\Users\hungn\.vscode\extensions\redhat.java-1.53.0-win32-x64\jre\21.0.10-win32-x86_64\bin\nio.dll
0x00007ffd570c0000 - 0x00007ffd570d0000 	c:\Users\hungn\.vscode\extensions\redhat.java-1.53.0-win32-x64\jre\21.0.10-win32-x86_64\bin\verify.dll

JVMTI agents:
c:\Users\hungn\.vscode\extensions\redhat.java-1.53.0-win32-x64\lombok\lombok-1.18.39-4050.jar path:c:\Users\hungn\.vscode\extensions\redhat.java-1.53.0-win32-x64\jre\21.0.10-win32-x86_64\bin\instrument.dll, loaded, initialized, instrumentlib options:none

dbghelp: loaded successfully - version: 4.0.5 - missing functions: none
symbol engine: initialized successfully - sym options: 0x614 - pdb path: .;c:\Users\hungn\.vscode\extensions\redhat.java-1.53.0-win32-x64\jre\21.0.10-win32-x86_64\bin;C:\WINDOWS\SYSTEM32;C:\WINDOWS\WinSxS\amd64_microsoft.windows.common-controls_6595b64144ccf1df_6.0.26100.8037_none_3e092faae333b53b;c:\Users\hungn\.vscode\extensions\redhat.java-1.53.0-win32-x64\jre\21.0.10-win32-x86_64\bin\server

VM Arguments:
jvm_args: --add-modules=ALL-SYSTEM --add-opens=java.base/java.util=ALL-UNNAMED --add-opens=java.base/java.lang=ALL-UNNAMED --add-opens=java.base/sun.nio.fs=ALL-UNNAMED -Declipse.application=org.eclipse.jdt.ls.core.id1 -Dosgi.bundles.defaultStartLevel=4 -Declipse.product=org.eclipse.jdt.ls.core.product -Djava.import.generatesMetadataFilesAtProjectRoot=false -DDetectVMInstallationsJob.disabled=true -Dfile.encoding=utf8 -XX:+UseParallelGC -XX:GCTimeRatio=4 -XX:AdaptiveSizePolicyWeight=90 -Dsun.zip.disableMemoryMapping=true -Xmx2G -Xms100m -Xlog:disable -javaagent:c:\Users\hungn\.vscode\extensions\redhat.java-1.53.0-win32-x64\lombok\lombok-1.18.39-4050.jar 
java_command: c:\Users\hungn\.vscode\extensions\redhat.java-1.53.0-win32-x64\server\plugins\org.eclipse.equinox.launcher_1.7.100.v20251111-0406.jar -configuration c:\Users\hungn\AppData\Roaming\Code\User\globalStorage\redhat.java\1.53.0\config_ss_win -data c:\Users\hungn\AppData\Roaming\Code\User\workspaceStorage\e581489431414560a9f78ac041fa12d3\redhat.java\ss_ws --pipe=\\.\pipe\lsp-89ef1532eda9005c324bf2ed2d358d9f-sock
java_class_path (initial): c:\Users\hungn\.vscode\extensions\redhat.java-1.53.0-win32-x64\server\plugins\org.eclipse.equinox.launcher_1.7.100.v20251111-0406.jar
Launcher Type: SUN_STANDARD

[Global flags]
    uintx AdaptiveSizePolicyWeight                 = 90                                        {product} {command line}
     intx CICompilerCount                          = 4                                         {product} {ergonomic}
    uintx GCTimeRatio                              = 4                                         {product} {command line}
   size_t InitialHeapSize                          = 104857600                                 {product} {command line}
   size_t MaxHeapSize                              = 2147483648                                {product} {command line}
   size_t MaxNewSize                               = 715653120                                 {product} {ergonomic}
   size_t MinHeapDeltaBytes                        = 524288                                    {product} {ergonomic}
   size_t MinHeapSize                              = 104857600                                 {product} {command line}
   size_t NewSize                                  = 34603008                                  {product} {ergonomic}
    uintx NonNMethodCodeHeapSize                   = 5839372                                {pd product} {ergonomic}
    uintx NonProfiledCodeHeapSize                  = 122909434                              {pd product} {ergonomic}
   size_t OldSize                                  = 70254592                                  {product} {ergonomic}
    uintx ProfiledCodeHeapSize                     = 122909434                              {pd product} {ergonomic}
    uintx ReservedCodeCacheSize                    = 251658240                              {pd product} {ergonomic}
     bool SegmentedCodeCache                       = true                                      {product} {ergonomic}
   size_t SoftMaxHeapSize                          = 2147483648                             {manageable} {ergonomic}
     bool UseCompressedOops                        = true                           {product lp64_product} {ergonomic}
     bool UseLargePagesIndividualAllocation        = false                                  {pd product} {ergonomic}
     bool UseParallelGC                            = true                                      {product} {command line}

Logging:
Log output configuration:
 #0: stdout all=off uptime,level,tags foldmultilines=false
 #1: stderr all=off uptime,level,tags foldmultilines=false

Release file:
JAVA_VERSION="21.0.10" 
MODULES="java.base java.compiler java.datatransfer java.xml java.prefs java.desktop java.instrument java.logging java.management java.security.sasl java.naming java.rmi java.management.rmi java.net.http java.scripting java.security.jgss java.transaction.xa java.sql java.sql.rowset java.xml.crypto java.se java.smartcardio jdk.accessibility jdk.internal.jvmstat jdk.attach jdk.charsets jdk.internal.opt jdk.zipfs jdk.compiler jdk.crypto.ec jdk.crypto.cryptoki jdk.crypto.mscapi jdk.dynalink jdk.internal.ed jdk.editpad jdk.hotspot.agent jdk.httpserver jdk.internal.le jdk.internal.vm.ci jdk.internal.vm.compiler jdk.internal.vm.compiler.management jdk.jartool jdk.javadoc jdk.jcmd jdk.management jdk.management.agent jdk.jconsole jdk.jdeps jdk.jdwp.agent jdk.jdi jdk.jfr jdk.jshell jdk.jsobject jdk.jstatd jdk.localedata jdk.management.jfr jdk.naming.dns jdk.naming.rmi jdk.net jdk.nio.mapmode jdk.random jdk.sctp jdk.security.auth jdk.security.jgss jdk.unsupported jdk.unsupported.desktop jdk.xml.dom" 

Environment Variables:
JAVA_HOME=C:\Program Files\Amazon Corretto\jdk17.0.17_10
PATH=C:\Users\hungn\AppData\Local\Programs\Microsoft VS Code;C:\Program Files\Amazon Corretto\jdk17.0.17_10\bin;C:\Program Files\Common Files\Oracle\Java\javapath;C:\Program Files (x86)\Common Files\Oracle\Java\javapath;C:\Windows\system32;C:\Windows;C:\Windows\System32\Wbem;C:\Windows\System32\WindowsPowerShell\v1.0\;C:\Windows\System32\OpenSSH\;C:\Program Files (x86)\NVIDIA Corporation\PhysX\Common;C:\Program Files\NVIDIA Corporation\NVIDIA NvDLISR;C:\WINDOWS\system32;C:\WINDOWS;C:\WINDOWS\System32\Wbem;C:\WINDOWS\System32\WindowsPowerShell\v1.0\;C:\WINDOWS\System32\OpenSSH\;C:\Program Files (x86)\Microsoft SQL Server\160\Tools\Binn\;C:\Program Files\Microsoft SQL Server\160\Tools\Binn\;C:\Program Files\Microsoft SQL Server\Client SDK\ODBC\170\Tools\Binn\;C:\Program Files\Microsoft SQL Server\160\DTS\Binn\;C:\Program Files (x86)\Microsoft SQL Server\160\DTS\Binn\;C:\ProgramData\chocolatey\bin;C:\Program Files\nodejs\;C:\Program Files\Git\cmd;C:\Users\hungn\AppData\Local\Microsoft\WindowsApps;C:\Users\hungn\AppData\Local\Programs\Microsoft VS Code\bin;C:\Users\hungn\AppData\Roaming\npm;C:\Users\hungn\Downloads\apache-maven-3.9.13-bin\apache-maven-3.9.13\bin;
USERNAME=hungn
OS=Windows_NT
PROCESSOR_IDENTIFIER=Intel64 Family 6 Model 165 Stepping 2, GenuineIntel
TMP=C:\Users\hungn\AppData\Local\Temp
TEMP=C:\Users\hungn\AppData\Local\Temp




Periodic native trim disabled

---------------  S Y S T E M  ---------------

OS:
 Windows 11 , 64 bit Build 26100 (10.0.26100.7920)
OS uptime: 0 days 0:25 hours

CPU: total 8 (initial active 8) (4 cores per cpu, 2 threads per core) family 6 model 165 stepping 2 microcode 0xe0, cx8, cmov, fxsr, ht, mmx, 3dnowpref, sse, sse2, sse3, ssse3, sse4.1, sse4.2, popcnt, lzcnt, tsc, tscinvbit, avx, avx2, aes, erms, clmul, bmi1, bmi2, adx, fma, vzeroupper, clflush, clflushopt, rdtscp, f16c, pku
Processor Information for the first 8 processors :
  Max Mhz: 2496, Current Mhz: 2496, Mhz Limit: 2496

Memory: 4k page, system-wide physical 8029M (549M free)
TotalPageFile size 20950M (AvailPageFile size 0M)
current process WorkingSet (physical memory assigned to process): 60M, peak: 60M
current process commit charge ("private bytes"): 230M, peak: 230M

vm_info: OpenJDK 64-Bit Server VM (21.0.10+7-LTS) for windows-amd64 JRE (21.0.10+7-LTS), built on 2026-01-20T00:00:00Z by "admin" with MS VC++ 17.12 (VS2022)

END.
